node_modules/@tanstack/query-core/build/legacy/focusManager.d.ts(6,5): error TS18028: Private identifiers are only available when targeting ECMAScript 2015 and higher.
node_modules/@tanstack/query-core/build/legacy/hydration-Cvr-9VdO.d.ts(9,5): error TS18028: Private identifiers are only available when targeting ECMAScript 2015 and higher.
node_modules/@tanstack/query-core/build/legacy/hydration-Cvr-9VdO.d.ts(115,5): error TS18028: Private identifiers are only available when targeting ECMAScript 2015 and higher.
node_modules/@tanstack/query-core/build/legacy/hydration-Cvr-9VdO.d.ts(156,5): error TS18028: Private identifiers are only available when targeting ECMAScript 2015 and higher.
node_modules/@tanstack/query-core/build/legacy/hydration-Cvr-9VdO.d.ts(205,5): error TS18028: Private identifiers are only available when targeting ECMAScript 2015 and higher.
node_modules/@tanstack/query-core/build/legacy/hydration-Cvr-9VdO.d.ts(265,5): error TS18028: Private identifiers are only available when targeting ECMAScript 2015 and higher.
node_modules/@tanstack/query-core/build/legacy/hydration-Cvr-9VdO.d.ts(418,5): error TS18028: Private identifiers are only available when targeting ECMAScript 2015 and higher.
node_modules/@tanstack/query-core/build/legacy/hydration-Cvr-9VdO.d.ts(435,5): error TS18028: Private identifiers are only available when targeting ECMAScript 2015 and higher.
node_modules/@tanstack/query-core/build/legacy/onlineManager.d.ts(6,5): error TS18028: Private identifiers are only available when targeting ECMAScript 2015 and higher.
node_modules/@tanstack/query-core/build/legacy/queriesObserver.d.ts(11,5): error TS18028: Private identifiers are only available when targeting ECMAScript 2015 and higher.
node_modules/@tanstack/query-core/build/legacy/removable.d.ts(2,5): error TS18028: Private identifiers are only available when targeting ECMAScript 2015 and higher.
node_modules/react-helmet-async/lib/index.d.ts(2,8): error TS1259: Module '"C:/Users/DEEPMIND/Desktop/Raudah/raudahtravels/node_modules/@types/react/index"' can only be default-imported using the 'esModuleInterop' flag
node_modules/react-helmet-async/lib/Provider.d.ts(2,8): error TS1259: Module '"C:/Users/DEEPMIND/Desktop/Raudah/raudahtravels/node_modules/@types/react/index"' can only be default-imported using the 'esModuleInterop' flag
node_modules/sonner/dist/index.d.ts(1,8): error TS1259: Module '"C:/Users/DEEPMIND/Desktop/Raudah/raudahtravels/node_modules/@types/react/index"' can only be default-imported using the 'esModuleInterop' flag
src/App.tsx(3,25): error TS2307: Cannot find module '@/components/ui/toaster' or its corresponding type declarations.
src/App.tsx(4,35): error TS2307: Cannot find module '@/components/ui/sonner' or its corresponding type declarations.
src/App.tsx(5,33): error TS2307: Cannot find module '@/components/ui/tooltip' or its corresponding type declarations.
src/App.tsx(6,27): error TS2307: Cannot find module '@/components/ui/error-boundary' or its corresponding type declarations.
src/App.tsx(9,30): error TS2307: Cannot find module '@/contexts/AuthContext' or its corresponding type declarations.
src/App.tsx(10,28): error TS2307: Cannot find module '@/components/auth/ProtectedRoute' or its corresponding type declarations.
src/App.tsx(11,27): error TS2307: Cannot find module '@/components/ui/OfflineBanner' or its corresponding type declarations.
src/App.tsx(12,31): error TS2307: Cannot find module '@/lib/lazyWithRetry' or its corresponding type declarations.
src/App.tsx(13,19): error TS6142: Module './pages/Index' was resolved to 'C:/Users/DEEPMIND/Desktop/Raudah/raudahtravels/src/pages/Index.tsx', but '--jsx' is not set.
src/App.tsx(16,45): error TS6142: Module './pages/Packages' was resolved to 'C:/Users/DEEPMIND/Desktop/Raudah/raudahtravels/src/pages/Packages.tsx', but '--jsx' is not set.
src/App.tsx(17,50): error TS6142: Module './pages/PackageDetail' was resolved to 'C:/Users/DEEPMIND/Desktop/Raudah/raudahtravels/src/pages/PackageDetail.tsx', but '--jsx' is not set.
src/App.tsx(18,52): error TS6142: Module './pages/PaymentCallback' was resolved to 'C:/Users/DEEPMIND/Desktop/Raudah/raudahtravels/src/pages/PaymentCallback.tsx', but '--jsx' is not set.
src/App.tsx(19,42): error TS6142: Module './pages/Login' was resolved to 'C:/Users/DEEPMIND/Desktop/Raudah/raudahtravels/src/pages/Login.tsx', but '--jsx' is not set.
src/App.tsx(20,45): error TS6142: Module './pages/Register' was resolved to 'C:/Users/DEEPMIND/Desktop/Raudah/raudahtravels/src/pages/Register.tsx', but '--jsx' is not set.
src/App.tsx(21,51): error TS6142: Module './pages/ForgotPassword' was resolved to 'C:/Users/DEEPMIND/Desktop/Raudah/raudahtravels/src/pages/ForgotPassword.tsx', but '--jsx' is not set.
src/App.tsx(22,50): error TS6142: Module './pages/ResetPassword' was resolved to 'C:/Users/DEEPMIND/Desktop/Raudah/raudahtravels/src/pages/ResetPassword.tsx', but '--jsx' is not set.
src/App.tsx(23,44): error TS6142: Module './pages/Install' was resolved to 'C:/Users/DEEPMIND/Desktop/Raudah/raudahtravels/src/pages/Install.tsx', but '--jsx' is not set.
src/App.tsx(24,52): error TS6142: Module './components/dashboard/DashboardLayout' was resolved to 'C:/Users/DEEPMIND/Desktop/Raudah/raudahtravels/src/components/dashboard/DashboardLayout.tsx', but '--jsx' is not set.
src/App.tsx(25,54): error TS6142: Module './pages/dashboard/DashboardOverview' was resolved to 'C:/Users/DEEPMIND/Desktop/Raudah/raudahtravels/src/pages/dashboard/DashboardOverview.tsx', but '--jsx' is not set.
src/App.tsx(26,54): error TS6142: Module './pages/dashboard/DashboardBookings' was resolved to 'C:/Users/DEEPMIND/Desktop/Raudah/raudahtravels/src/pages/dashboard/DashboardBookings.tsx', but '--jsx' is not set.
src/App.tsx(27,54): error TS6142: Module './pages/dashboard/DashboardPackages' was resolved to 'C:/Users/DEEPMIND/Desktop/Raudah/raudahtravels/src/pages/dashboard/DashboardPackages.tsx', but '--jsx' is not set.
src/App.tsx(28,54): error TS6142: Module './pages/dashboard/DashboardPayments' was resolved to 'C:/Users/DEEPMIND/Desktop/Raudah/raudahtravels/src/pages/dashboard/DashboardPayments.tsx', but '--jsx' is not set.
src/App.tsx(29,55): error TS6142: Module './pages/dashboard/DashboardDocuments' was resolved to 'C:/Users/DEEPMIND/Desktop/Raudah/raudahtravels/src/pages/dashboard/DashboardDocuments.tsx', but '--jsx' is not set.
src/App.tsx(30,53): error TS6142: Module './pages/dashboard/DashboardProfile' was resolved to 'C:/Users/DEEPMIND/Desktop/Raudah/raudahtravels/src/pages/dashboard/DashboardProfile.tsx', but '--jsx' is not set.
src/App.tsx(31,53): error TS6142: Module './pages/dashboard/DashboardSupport' was resolved to 'C:/Users/DEEPMIND/Desktop/Raudah/raudahtravels/src/pages/dashboard/DashboardSupport.tsx', but '--jsx' is not set.
src/App.tsx(32,50): error TS6142: Module './pages/dashboard/BookingWizard' was resolved to 'C:/Users/DEEPMIND/Desktop/Raudah/raudahtravels/src/pages/dashboard/BookingWizard.tsx', but '--jsx' is not set.
src/App.tsx(33,48): error TS6142: Module './components/admin/AdminLayout' was resolved to 'C:/Users/DEEPMIND/Desktop/Raudah/raudahtravels/src/components/admin/AdminLayout.tsx', but '--jsx' is not set.
src/App.tsx(34,50): error TS6142: Module './pages/admin/AdminOverview' was resolved to 'C:/Users/DEEPMIND/Desktop/Raudah/raudahtravels/src/pages/admin/AdminOverview.tsx', but '--jsx' is not set.
src/App.tsx(35,50): error TS6142: Module './pages/admin/AdminPackages' was resolved to 'C:/Users/DEEPMIND/Desktop/Raudah/raudahtravels/src/pages/admin/AdminPackages.tsx', but '--jsx' is not set.
src/App.tsx(36,50): error TS6142: Module './pages/admin/AdminPayments' was resolved to 'C:/Users/DEEPMIND/Desktop/Raudah/raudahtravels/src/pages/admin/AdminPayments.tsx', but '--jsx' is not set.
src/App.tsx(37,50): error TS6142: Module './pages/admin/AdminPilgrims' was resolved to 'C:/Users/DEEPMIND/Desktop/Raudah/raudahtravels/src/pages/admin/AdminPilgrims.tsx', but '--jsx' is not set.
src/App.tsx(38,53): error TS6142: Module './pages/admin/AdminBookPilgrim' was resolved to 'C:/Users/DEEPMIND/Desktop/Raudah/raudahtravels/src/pages/admin/AdminBookPilgrim.tsx', but '--jsx' is not set.
src/App.tsx(39,51): error TS6142: Module './pages/admin/AdminAnalytics' was resolved to 'C:/Users/DEEPMIND/Desktop/Raudah/raudahtravels/src/pages/admin/AdminAnalytics.tsx', but '--jsx' is not set.
src/App.tsx(40,48): error TS6142: Module './pages/admin/AdminIdTags' was resolved to 'C:/Users/DEEPMIND/Desktop/Raudah/raudahtravels/src/pages/admin/AdminIdTags.tsx', but '--jsx' is not set.
src/App.tsx(41,59): error TS6142: Module './pages/admin/AdminAgentApplications' was resolved to 'C:/Users/DEEPMIND/Desktop/Raudah/raudahtravels/src/pages/admin/AdminAgentApplications.tsx', but '--jsx' is not set.
src/App.tsx(42,48): error TS6142: Module './pages/admin/AdminAgents' was resolved to 'C:/Users/DEEPMIND/Desktop/Raudah/raudahtravels/src/pages/admin/AdminAgents.tsx', but '--jsx' is not set.
src/App.tsx(43,53): error TS6142: Module './pages/admin/AdminAiAssistant' was resolved to 'C:/Users/DEEPMIND/Desktop/Raudah/raudahtravels/src/pages/admin/AdminAiAssistant.tsx', but '--jsx' is not set.
src/App.tsx(44,54): error TS6142: Module './pages/admin/AdminBankAccounts' was resolved to 'C:/Users/DEEPMIND/Desktop/Raudah/raudahtravels/src/pages/admin/AdminBankAccounts.tsx', but '--jsx' is not set.
src/App.tsx(45,50): error TS6142: Module './pages/admin/AdminActivity' was resolved to 'C:/Users/DEEPMIND/Desktop/Raudah/raudahtravels/src/pages/admin/AdminActivity.tsx', but '--jsx' is not set.
src/App.tsx(46,59): error TS6142: Module './pages/admin/AdminAmendmentRequests' was resolved to 'C:/Users/DEEPMIND/Desktop/Raudah/raudahtravels/src/pages/admin/AdminAmendmentRequests.tsx', but '--jsx' is not set.
src/App.tsx(47,49): error TS6142: Module './pages/admin/AdminSupport' was resolved to 'C:/Users/DEEPMIND/Desktop/Raudah/raudahtravels/src/pages/admin/AdminSupport.tsx', but '--jsx' is not set.
src/App.tsx(48,57): error TS6142: Module './pages/admin/AdminStaffManagement' was resolved to 'C:/Users/DEEPMIND/Desktop/Raudah/raudahtravels/src/pages/admin/AdminStaffManagement.tsx', but '--jsx' is not set.
src/App.tsx(49,50): error TS6142: Module './pages/admin/AdminTeamChat' was resolved to 'C:/Users/DEEPMIND/Desktop/Raudah/raudahtravels/src/pages/admin/AdminTeamChat.tsx', but '--jsx' is not set.
src/App.tsx(50,55): error TS6142: Module './pages/admin/AdminVisaProviders' was resolved to 'C:/Users/DEEPMIND/Desktop/Raudah/raudahtravels/src/pages/admin/AdminVisaProviders.tsx', but '--jsx' is not set.
src/App.tsx(51,56): error TS6142: Module './pages/admin/AdminVisaManagement' was resolved to 'C:/Users/DEEPMIND/Desktop/Raudah/raudahtravels/src/pages/admin/AdminVisaManagement.tsx', but '--jsx' is not set.
src/App.tsx(52,48): error TS6142: Module './components/agent/AgentLayout' was resolved to 'C:/Users/DEEPMIND/Desktop/Raudah/raudahtravels/src/components/agent/AgentLayout.tsx', but '--jsx' is not set.
src/App.tsx(53,50): error TS6142: Module './pages/agent/AgentOverview' was resolved to 'C:/Users/DEEPMIND/Desktop/Raudah/raudahtravels/src/pages/agent/AgentOverview.tsx', but '--jsx' is not set.
src/App.tsx(54,49): error TS6142: Module './pages/agent/AgentClients' was resolved to 'C:/Users/DEEPMIND/Desktop/Raudah/raudahtravels/src/pages/agent/AgentClients.tsx', but '--jsx' is not set.
src/App.tsx(55,55): error TS6142: Module './pages/agent/AgentBookForClient' was resolved to 'C:/Users/DEEPMIND/Desktop/Raudah/raudahtravels/src/pages/agent/AgentBookForClient.tsx', but '--jsx' is not set.
src/App.tsx(56,50): error TS6142: Module './pages/agent/AgentPackages' was resolved to 'C:/Users/DEEPMIND/Desktop/Raudah/raudahtravels/src/pages/agent/AgentPackages.tsx', but '--jsx' is not set.
src/App.tsx(57,50): error TS6142: Module './pages/agent/AgentBookings' was resolved to 'C:/Users/DEEPMIND/Desktop/Raudah/raudahtravels/src/pages/agent/AgentBookings.tsx', but '--jsx' is not set.
src/App.tsx(58,53): error TS6142: Module './pages/agent/AgentCommissions' was resolved to 'C:/Users/DEEPMIND/Desktop/Raudah/raudahtravels/src/pages/agent/AgentCommissions.tsx', but '--jsx' is not set.
src/App.tsx(59,55): error TS6142: Module './pages/agent/AgentWalletHistory' was resolved to 'C:/Users/DEEPMIND/Desktop/Raudah/raudahtravels/src/pages/agent/AgentWalletHistory.tsx', but '--jsx' is not set.
src/App.tsx(60,47): error TS6142: Module './pages/agent/AgentRules' was resolved to 'C:/Users/DEEPMIND/Desktop/Raudah/raudahtravels/src/pages/agent/AgentRules.tsx', but '--jsx' is not set.
src/App.tsx(61,45): error TS6142: Module './pages/Proposal' was resolved to 'C:/Users/DEEPMIND/Desktop/Raudah/raudahtravels/src/pages/Proposal.tsx', but '--jsx' is not set.
src/App.tsx(62,44): error TS6142: Module './pages/AboutUs' was resolved to 'C:/Users/DEEPMIND/Desktop/Raudah/raudahtravels/src/pages/AboutUs.tsx', but '--jsx' is not set.
src/App.tsx(63,45): error TS6142: Module './pages/Services' was resolved to 'C:/Users/DEEPMIND/Desktop/Raudah/raudahtravels/src/pages/Services.tsx', but '--jsx' is not set.
src/App.tsx(64,40): error TS6142: Module './pages/FAQ' was resolved to 'C:/Users/DEEPMIND/Desktop/Raudah/raudahtravels/src/pages/FAQ.tsx', but '--jsx' is not set.
src/App.tsx(65,55): error TS6142: Module './pages/TermsAndConditions' was resolved to 'C:/Users/DEEPMIND/Desktop/Raudah/raudahtravels/src/pages/TermsAndConditions.tsx', but '--jsx' is not set.
src/App.tsx(66,50): error TS6142: Module './pages/PrivacyPolicy' was resolved to 'C:/Users/DEEPMIND/Desktop/Raudah/raudahtravels/src/pages/PrivacyPolicy.tsx', but '--jsx' is not set.
src/App.tsx(67,50): error TS6142: Module './pages/admin/AdminSettings' was resolved to 'C:/Users/DEEPMIND/Desktop/Raudah/raudahtravels/src/pages/admin/AdminSettings.tsx', but '--jsx' is not set.
src/App.tsx(68,53): error TS6142: Module './pages/admin/AdminBookingForm' was resolved to 'C:/Users/DEEPMIND/Desktop/Raudah/raudahtravels/src/pages/admin/AdminBookingForm.tsx', but '--jsx' is not set.
src/App.tsx(69,45): error TS6142: Module './pages/NotFound' was resolved to 'C:/Users/DEEPMIND/Desktop/Raudah/raudahtravels/src/pages/NotFound.tsx', but '--jsx' is not set.
src/App.tsx(95,3): error TS17004: Cannot use JSX unless the '--jsx' flag is provided.
src/App.tsx(96,5): error TS17004: Cannot use JSX unless the '--jsx' flag is provided.
src/App.tsx(101,3): error TS17004: Cannot use JSX unless the '--jsx' flag is provided.
src/App.tsx(102,5): error TS17004: Cannot use JSX unless the '--jsx' flag is provided.
src/App.tsx(103,7): error TS17004: Cannot use JSX unless the '--jsx' flag is provided.
src/App.tsx(104,9): error TS17004: Cannot use JSX unless the '--jsx' flag is provided.
src/App.tsx(105,11): error TS17004: Cannot use JSX unless the '--jsx' flag is provided.
src/App.tsx(106,11): error TS17004: Cannot use JSX unless the '--jsx' flag is provided.
src/App.tsx(107,11): error TS17004: Cannot use JSX unless the '--jsx' flag is provided.
src/App.tsx(108,11): error TS17004: Cannot use JSX unless the '--jsx' flag is provided.
src/App.tsx(109,13): error TS17004: Cannot use JSX unless the '--jsx' flag is provided.
src/App.tsx(110,15): error TS17004: Cannot use JSX unless the '--jsx' flag is provided.
src/App.tsx(110,35): error TS17004: Cannot use JSX unless the '--jsx' flag is provided.
src/App.tsx(111,17): error TS17004: Cannot use JSX unless the '--jsx' flag is provided.
src/App.tsx(112,19): error TS17004: Cannot use JSX unless the '--jsx' flag is provided.
src/App.tsx(112,44): error TS17004: Cannot use JSX unless the '--jsx' flag is provided.
src/App.tsx(113,19): error TS17004: Cannot use JSX unless the '--jsx' flag is provided.
src/App.tsx(113,52): error TS17004: Cannot use JSX unless the '--jsx' flag is provided.
src/App.tsx(114,19): error TS17004: Cannot use JSX unless the '--jsx' flag is provided.
src/App.tsx(114,56): error TS17004: Cannot use JSX unless the '--jsx' flag is provided.
src/App.tsx(115,19): error TS17004: Cannot use JSX unless the '--jsx' flag is provided.
src/App.tsx(115,60): error TS17004: Cannot use JSX unless the '--jsx' flag is provided.
src/App.tsx(116,19): error TS17004: Cannot use JSX unless the '--jsx' flag is provided.
src/App.tsx(116,49): error TS17004: Cannot use JSX unless the '--jsx' flag is provided.
src/App.tsx(117,19): error TS17004: Cannot use JSX unless the '--jsx' flag is provided.
src/App.tsx(117,52): error TS17004: Cannot use JSX unless the '--jsx' flag is provided.
src/App.tsx(118,19): error TS17004: Cannot use JSX unless the '--jsx' flag is provided.
src/App.tsx(118,59): error TS17004: Cannot use JSX unless the '--jsx' flag is provided.
src/App.tsx(119,19): error TS17004: Cannot use JSX unless the '--jsx' flag is provided.
src/App.tsx(119,58): error TS17004: Cannot use JSX unless the '--jsx' flag is provided.
src/App.tsx(120,19): error TS17004: Cannot use JSX unless the '--jsx' flag is provided.
src/App.tsx(120,51): error TS17004: Cannot use JSX unless the '--jsx' flag is provided.
src/App.tsx(121,19): error TS17004: Cannot use JSX unless the '--jsx' flag is provided.
src/App.tsx(121,52): error TS17004: Cannot use JSX unless the '--jsx' flag is provided.
src/App.tsx(122,19): error TS17004: Cannot use JSX unless the '--jsx' flag is provided.
src/App.tsx(122,49): error TS17004: Cannot use JSX unless the '--jsx' flag is provided.
src/App.tsx(123,19): error TS17004: Cannot use JSX unless the '--jsx' flag is provided.
src/App.tsx(123,52): error TS17004: Cannot use JSX unless the '--jsx' flag is provided.
src/App.tsx(124,19): error TS17004: Cannot use JSX unless the '--jsx' flag is provided.
src/App.tsx(124,47): error TS17004: Cannot use JSX unless the '--jsx' flag is provided.
src/App.tsx(125,19): error TS17004: Cannot use JSX unless the '--jsx' flag is provided.
src/App.tsx(125,49): error TS17004: Cannot use JSX unless the '--jsx' flag is provided.
src/App.tsx(126,19): error TS17004: Cannot use JSX unless the '--jsx' flag is provided.
src/App.tsx(126,51): error TS17004: Cannot use JSX unless the '--jsx' flag is provided.
src/App.tsx(127,19): error TS17004: Cannot use JSX unless the '--jsx' flag is provided.
src/App.tsx(130,23): error TS17004: Cannot use JSX unless the '--jsx' flag is provided.
src/App.tsx(131,25): error TS17004: Cannot use JSX unless the '--jsx' flag is provided.
src/App.tsx(135,21): error TS17004: Cannot use JSX unless the '--jsx' flag is provided.
src/App.tsx(135,43): error TS17004: Cannot use JSX unless the '--jsx' flag is provided.
src/App.tsx(136,21): error TS17004: Cannot use JSX unless the '--jsx' flag is provided.
src/App.tsx(136,53): error TS17004: Cannot use JSX unless the '--jsx' flag is provided.
src/App.tsx(137,21): error TS17004: Cannot use JSX unless the '--jsx' flag is provided.
src/App.tsx(137,53): error TS17004: Cannot use JSX unless the '--jsx' flag is provided.
src/App.tsx(138,21): error TS17004: Cannot use JSX unless the '--jsx' flag is provided.
src/App.tsx(138,53): error TS17004: Cannot use JSX unless the '--jsx' flag is provided.
src/App.tsx(139,21): error TS17004: Cannot use JSX unless the '--jsx' flag is provided.
src/App.tsx(139,54): error TS17004: Cannot use JSX unless the '--jsx' flag is provided.
src/App.tsx(140,21): error TS17004: Cannot use JSX unless the '--jsx' flag is provided.
src/App.tsx(140,52): error TS17004: Cannot use JSX unless the '--jsx' flag is provided.
src/App.tsx(141,21): error TS17004: Cannot use JSX unless the '--jsx' flag is provided.
src/App.tsx(141,52): error TS17004: Cannot use JSX unless the '--jsx' flag is provided.
src/App.tsx(142,21): error TS17004: Cannot use JSX unless the '--jsx' flag is provided.
src/App.tsx(142,53): error TS17004: Cannot use JSX unless the '--jsx' flag is provided.
src/App.tsx(144,19): error TS17004: Cannot use JSX unless the '--jsx' flag is provided.
src/App.tsx(148,23): error TS17004: Cannot use JSX unless the '--jsx' flag is provided.
src/App.tsx(149,25): error TS17004: Cannot use JSX unless the '--jsx' flag is provided.
src/App.tsx(153,21): error TS17004: Cannot use JSX unless the '--jsx' flag is provided.
src/App.tsx(154,23): error TS17004: Cannot use JSX unless the '--jsx' flag is provided.
src/App.tsx(154,69): error TS17004: Cannot use JSX unless the '--jsx' flag is provided.
src/App.tsx(156,21): error TS17004: Cannot use JSX unless the '--jsx' flag is provided.
src/App.tsx(157,23): error TS17004: Cannot use JSX unless the '--jsx' flag is provided.
src/App.tsx(157,69): error TS17004: Cannot use JSX unless the '--jsx' flag is provided.
src/App.tsx(159,21): error TS17004: Cannot use JSX unless the '--jsx' flag is provided.
src/App.tsx(160,23): error TS17004: Cannot use JSX unless the '--jsx' flag is provided.
src/App.tsx(160,69): error TS17004: Cannot use JSX unless the '--jsx' flag is provided.
src/App.tsx(162,21): error TS17004: Cannot use JSX unless the '--jsx' flag is provided.
src/App.tsx(163,23): error TS17004: Cannot use JSX unless the '--jsx' flag is provided.
src/App.tsx(163,69): error TS17004: Cannot use JSX unless the '--jsx' flag is provided.
src/App.tsx(165,21): error TS17004: Cannot use JSX unless the '--jsx' flag is provided.
src/App.tsx(166,23): error TS17004: Cannot use JSX unless the '--jsx' flag is provided.
src/App.tsx(166,69): error TS17004: Cannot use JSX unless the '--jsx' flag is provided.
src/App.tsx(168,21): error TS17004: Cannot use JSX unless the '--jsx' flag is provided.
src/App.tsx(169,23): error TS17004: Cannot use JSX unless the '--jsx' flag is provided.
src/App.tsx(169,70): error TS17004: Cannot use JSX unless the '--jsx' flag is provided.
src/App.tsx(171,21): error TS17004: Cannot use JSX unless the '--jsx' flag is provided.
src/App.tsx(172,23): error TS17004: Cannot use JSX unless the '--jsx' flag is provided.
src/App.tsx(172,68): error TS17004: Cannot use JSX unless the '--jsx' flag is provided.
src/App.tsx(174,21): error TS17004: Cannot use JSX unless the '--jsx' flag is provided.
src/App.tsx(175,23): error TS17004: Cannot use JSX unless the '--jsx' flag is provided.
src/App.tsx(175,76): error TS17004: Cannot use JSX unless the '--jsx' flag is provided.
src/App.tsx(177,21): error TS17004: Cannot use JSX unless the '--jsx' flag is provided.
src/App.tsx(178,23): error TS17004: Cannot use JSX unless the '--jsx' flag is provided.
src/App.tsx(178,76): error TS17004: Cannot use JSX unless the '--jsx' flag is provided.
src/App.tsx(180,21): error TS17004: Cannot use JSX unless the '--jsx' flag is provided.
src/App.tsx(181,23): error TS17004: Cannot use JSX unless the '--jsx' flag is provided.
src/App.tsx(181,67): error TS17004: Cannot use JSX unless the '--jsx' flag is provided.
src/App.tsx(183,21): error TS17004: Cannot use JSX unless the '--jsx' flag is provided.
src/App.tsx(184,23): error TS17004: Cannot use JSX unless the '--jsx' flag is provided.
src/App.tsx(184,67): error TS17004: Cannot use JSX unless the '--jsx' flag is provided.
src/App.tsx(186,21): error TS17004: Cannot use JSX unless the '--jsx' flag is provided.
src/App.tsx(186,57): error TS17004: Cannot use JSX unless the '--jsx' flag is provided.
src/App.tsx(187,21): error TS17004: Cannot use JSX unless the '--jsx' flag is provided.
src/App.tsx(188,23): error TS17004: Cannot use JSX unless the '--jsx' flag is provided.
src/App.tsx(188,74): error TS17004: Cannot use JSX unless the '--jsx' flag is provided.
src/App.tsx(190,21): error TS17004: Cannot use JSX unless the '--jsx' flag is provided.
src/App.tsx(191,23): error TS17004: Cannot use JSX unless the '--jsx' flag is provided.
src/App.tsx(191,69): error TS17004: Cannot use JSX unless the '--jsx' flag is provided.
src/App.tsx(193,21): error TS17004: Cannot use JSX unless the '--jsx' flag is provided.
src/App.tsx(194,23): error TS17004: Cannot use JSX unless the '--jsx' flag is provided.
src/App.tsx(194,71): error TS17004: Cannot use JSX unless the '--jsx' flag is provided.
src/App.tsx(196,21): error TS17004: Cannot use JSX unless the '--jsx' flag is provided.
src/App.tsx(197,23): error TS17004: Cannot use JSX unless the '--jsx' flag is provided.
src/App.tsx(197,68): error TS17004: Cannot use JSX unless the '--jsx' flag is provided.
src/App.tsx(199,21): error TS17004: Cannot use JSX unless the '--jsx' flag is provided.
src/App.tsx(200,23): error TS17004: Cannot use JSX unless the '--jsx' flag is provided.
src/App.tsx(200,69): error TS17004: Cannot use JSX unless the '--jsx' flag is provided.
src/App.tsx(202,21): error TS17004: Cannot use JSX unless the '--jsx' flag is provided.
src/App.tsx(203,23): error TS17004: Cannot use JSX unless the '--jsx' flag is provided.
src/App.tsx(203,69): error TS17004: Cannot use JSX unless the '--jsx' flag is provided.
src/App.tsx(205,21): error TS17004: Cannot use JSX unless the '--jsx' flag is provided.
src/App.tsx(206,23): error TS17004: Cannot use JSX unless the '--jsx' flag is provided.
src/App.tsx(206,77): error TS17004: Cannot use JSX unless the '--jsx' flag is provided.
src/App.tsx(208,21): error TS17004: Cannot use JSX unless the '--jsx' flag is provided.
src/App.tsx(208,49): error TS17004: Cannot use JSX unless the '--jsx' flag is provided.
src/App.tsx(209,21): error TS17004: Cannot use JSX unless the '--jsx' flag is provided.
src/App.tsx(209,52): error TS17004: Cannot use JSX unless the '--jsx' flag is provided.
src/App.tsx(211,19): error TS17004: Cannot use JSX unless the '--jsx' flag is provided.
src/App.tsx(214,23): error TS17004: Cannot use JSX unless the '--jsx' flag is provided.
src/App.tsx(215,25): error TS17004: Cannot use JSX unless the '--jsx' flag is provided.
src/App.tsx(219,21): error TS17004: Cannot use JSX unless the '--jsx' flag is provided.
src/App.tsx(219,43): error TS17004: Cannot use JSX unless the '--jsx' flag is provided.
src/App.tsx(220,21): error TS17004: Cannot use JSX unless the '--jsx' flag is provided.
src/App.tsx(220,52): error TS17004: Cannot use JSX unless the '--jsx' flag is provided.
src/App.tsx(221,21): error TS17004: Cannot use JSX unless the '--jsx' flag is provided.
src/App.tsx(221,53): error TS17004: Cannot use JSX unless the '--jsx' flag is provided.
src/App.tsx(222,21): error TS17004: Cannot use JSX unless the '--jsx' flag is provided.
src/App.tsx(222,53): error TS17004: Cannot use JSX unless the '--jsx' flag is provided.
src/App.tsx(223,21): error TS17004: Cannot use JSX unless the '--jsx' flag is provided.
src/App.tsx(223,53): error TS17004: Cannot use JSX unless the '--jsx' flag is provided.
src/App.tsx(224,21): error TS17004: Cannot use JSX unless the '--jsx' flag is provided.
src/App.tsx(224,56): error TS17004: Cannot use JSX unless the '--jsx' flag is provided.
src/App.tsx(225,21): error TS17004: Cannot use JSX unless the '--jsx' flag is provided.
src/App.tsx(225,57): error TS17004: Cannot use JSX unless the '--jsx' flag is provided.
src/App.tsx(226,21): error TS17004: Cannot use JSX unless the '--jsx' flag is provided.
src/App.tsx(226,52): error TS17004: Cannot use JSX unless the '--jsx' flag is provided.
src/App.tsx(227,21): error TS17004: Cannot use JSX unless the '--jsx' flag is provided.
src/App.tsx(227,52): error TS17004: Cannot use JSX unless the '--jsx' flag is provided.
src/App.tsx(228,21): error TS17004: Cannot use JSX unless the '--jsx' flag is provided.
src/App.tsx(228,50): error TS17004: Cannot use JSX unless the '--jsx' flag is provided.
src/App.tsx(231,19): error TS17004: Cannot use JSX unless the '--jsx' flag is provided.
src/App.tsx(231,44): error TS17004: Cannot use JSX unless the '--jsx' flag is provided.
src/pages/admin/AdminVisaManagement.tsx(3,26): error TS2307: Cannot find module '@/integrations/supabase/client' or its corresponding type declarations.
src/pages/admin/AdminVisaManagement.tsx(4,58): error TS2307: Cannot find module '@/components/ui/card' or its corresponding type declarations.
src/pages/admin/AdminVisaManagement.tsx(5,23): error TS2307: Cannot find module '@/components/ui/input' or its corresponding type declarations.
src/pages/admin/AdminVisaManagement.tsx(6,24): error TS2307: Cannot find module '@/components/ui/button' or its corresponding type declarations.
src/pages/admin/AdminVisaManagement.tsx(7,23): error TS2307: Cannot find module '@/components/ui/badge' or its corresponding type declarations.
src/pages/admin/AdminVisaManagement.tsx(8,26): error TS2307: Cannot find module '@/components/ui/skeleton' or its corresponding type declarations.
src/pages/admin/AdminVisaManagement.tsx(9,58): error TS2307: Cannot find module '@/components/ui/tabs' or its corresponding type declarations.
src/pages/admin/AdminVisaManagement.tsx(19,8): error TS2307: Cannot find module '@/components/ui/dialog' or its corresponding type declarations.
src/pages/admin/AdminVisaManagement.tsx(22,8): error TS2307: Cannot find module '@/components/ui/select' or its corresponding type declarations.
src/pages/admin/AdminVisaManagement.tsx(23,26): error TS2307: Cannot find module '@/components/ui/textarea' or its corresponding type declarations.
src/pages/admin/AdminVisaManagement.tsx(24,23): error TS2307: Cannot find module '@/components/ui/label' or its corresponding type declarations.
src/pages/admin/AdminVisaManagement.tsx(196,9): error TS17004: Cannot use JSX unless the '--jsx' flag is provided.
src/pages/admin/AdminVisaManagement.tsx(197,13): error TS17004: Cannot use JSX unless the '--jsx' flag is provided.
src/pages/admin/AdminVisaManagement.tsx(198,17): error TS17004: Cannot use JSX unless the '--jsx' flag is provided.
src/pages/admin/AdminVisaManagement.tsx(199,21): error TS17004: Cannot use JSX unless the '--jsx' flag is provided.
src/pages/admin/AdminVisaManagement.tsx(200,21): error TS17004: Cannot use JSX unless the '--jsx' flag is provided.
src/pages/admin/AdminVisaManagement.tsx(206,13): error TS17004: Cannot use JSX unless the '--jsx' flag is provided.
src/pages/admin/AdminVisaManagement.tsx(207,17): error TS17004: Cannot use JSX unless the '--jsx' flag is provided.
src/pages/admin/AdminVisaManagement.tsx(208,21): error TS17004: Cannot use JSX unless the '--jsx' flag is provided.
src/pages/admin/AdminVisaManagement.tsx(209,21): error TS17004: Cannot use JSX unless the '--jsx' flag is provided.
src/pages/admin/AdminVisaManagement.tsx(217,17): error TS17004: Cannot use JSX unless the '--jsx' flag is provided.
src/pages/admin/AdminVisaManagement.tsx(218,21): error TS17004: Cannot use JSX unless the '--jsx' flag is provided.
src/pages/admin/AdminVisaManagement.tsx(219,25): error TS17004: Cannot use JSX unless the '--jsx' flag is provided.
src/pages/admin/AdminVisaManagement.tsx(220,25): error TS17004: Cannot use JSX unless the '--jsx' flag is provided.
src/pages/admin/AdminVisaManagement.tsx(221,25): error TS17004: Cannot use JSX unless the '--jsx' flag is provided.
src/pages/admin/AdminVisaManagement.tsx(222,25): error TS17004: Cannot use JSX unless the '--jsx' flag is provided.
src/pages/admin/AdminVisaManagement.tsx(227,13): error TS17004: Cannot use JSX unless the '--jsx' flag is provided.
src/pages/admin/AdminVisaManagement.tsx(228,17): error TS17004: Cannot use JSX unless the '--jsx' flag is provided.
src/pages/admin/AdminVisaManagement.tsx(229,21): error TS17004: Cannot use JSX unless the '--jsx' flag is provided.
src/pages/admin/AdminVisaManagement.tsx(230,25): error TS17004: Cannot use JSX unless the '--jsx' flag is provided.
src/pages/admin/AdminVisaManagement.tsx(231,29): error TS17004: Cannot use JSX unless the '--jsx' flag is provided.
src/pages/admin/AdminVisaManagement.tsx(232,33): error TS17004: Cannot use JSX unless the '--jsx' flag is provided.
src/pages/admin/AdminVisaManagement.tsx(233,37): error TS17004: Cannot use JSX unless the '--jsx' flag is provided.
src/pages/admin/AdminVisaManagement.tsx(234,37): error TS17004: Cannot use JSX unless the '--jsx' flag is provided.
src/pages/admin/AdminVisaManagement.tsx(235,37): error TS17004: Cannot use JSX unless the '--jsx' flag is provided.
src/pages/admin/AdminVisaManagement.tsx(236,37): error TS17004: Cannot use JSX unless the '--jsx' flag is provided.
src/pages/admin/AdminVisaManagement.tsx(237,37): error TS17004: Cannot use JSX unless the '--jsx' flag is provided.
src/pages/admin/AdminVisaManagement.tsx(238,37): error TS17004: Cannot use JSX unless the '--jsx' flag is provided.
src/pages/admin/AdminVisaManagement.tsx(241,29): error TS17004: Cannot use JSX unless the '--jsx' flag is provided.
src/pages/admin/AdminVisaManagement.tsx(244,41): error TS17004: Cannot use JSX unless the '--jsx' flag is provided.
src/pages/admin/AdminVisaManagement.tsx(245,45): error TS17004: Cannot use JSX unless the '--jsx' flag is provided.
src/pages/admin/AdminVisaManagement.tsx(245,83): error TS17004: Cannot use JSX unless the '--jsx' flag is provided.
src/pages/admin/AdminVisaManagement.tsx(249,37): error TS17004: Cannot use JSX unless the '--jsx' flag is provided.
src/pages/admin/AdminVisaManagement.tsx(250,41): error TS17004: Cannot use JSX unless the '--jsx' flag is provided.
src/pages/admin/AdminVisaManagement.tsx(262,45): error TS17004: Cannot use JSX unless the '--jsx' flag is provided.
src/pages/admin/AdminVisaManagement.tsx(263,49): error TS17004: Cannot use JSX unless the '--jsx' flag is provided.
src/pages/admin/AdminVisaManagement.tsx(264,53): error TS17004: Cannot use JSX unless the '--jsx' flag is provided.
src/pages/admin/AdminVisaManagement.tsx(265,57): error TS17004: Cannot use JSX unless the '--jsx' flag is provided.
src/pages/admin/AdminVisaManagement.tsx(266,57): error TS17004: Cannot use JSX unless the '--jsx' flag is provided.
src/pages/admin/AdminVisaManagement.tsx(267,61): error TS17004: Cannot use JSX unless the '--jsx' flag is provided.
src/pages/admin/AdminVisaManagement.tsx(272,49): error TS17004: Cannot use JSX unless the '--jsx' flag is provided.
src/pages/admin/AdminVisaManagement.tsx(273,53): error TS17004: Cannot use JSX unless the '--jsx' flag is provided.
src/pages/admin/AdminVisaManagement.tsx(274,57): error TS17004: Cannot use JSX unless the '--jsx' flag is provided.
src/pages/admin/AdminVisaManagement.tsx(275,57): error TS17004: Cannot use JSX unless the '--jsx' flag is provided.
src/pages/admin/AdminVisaManagement.tsx(280,49): error TS17004: Cannot use JSX unless the '--jsx' flag is provided.
src/pages/admin/AdminVisaManagement.tsx(283,49): error TS17004: Cannot use JSX unless the '--jsx' flag is provided.
src/pages/admin/AdminVisaManagement.tsx(284,53): error TS17004: Cannot use JSX unless the '--jsx' flag is provided.
src/pages/admin/AdminVisaManagement.tsx(285,57): error TS17004: Cannot use JSX unless the '--jsx' flag is provided.
src/pages/admin/AdminVisaManagement.tsx(289,49): error TS17004: Cannot use JSX unless the '--jsx' flag is provided.
src/pages/admin/AdminVisaManagement.tsx(292,49): error TS17004: Cannot use JSX unless the '--jsx' flag is provided.
src/pages/admin/AdminVisaManagement.tsx(293,53): error TS17004: Cannot use JSX unless the '--jsx' flag is provided.
src/pages/admin/AdminVisaManagement.tsx(294,57): error TS17004: Cannot use JSX unless the '--jsx' flag is provided.
src/pages/admin/AdminVisaManagement.tsx(300,61): error TS17004: Cannot use JSX unless the '--jsx' flag is provided.
src/pages/admin/AdminVisaManagement.tsx(303,61): error TS17004: Cannot use JSX unless the '--jsx' flag is provided.
src/pages/admin/AdminVisaManagement.tsx(317,96): error TS17004: Cannot use JSX unless the '--jsx' flag is provided.
src/pages/admin/AdminVisaManagement.tsx(317,143): error TS17004: Cannot use JSX unless the '--jsx' flag is provided.
src/pages/admin/AdminVisaManagement.tsx(333,13): error TS17004: Cannot use JSX unless the '--jsx' flag is provided.
src/pages/admin/AdminVisaManagement.tsx(334,17): error TS17004: Cannot use JSX unless the '--jsx' flag is provided.
src/pages/admin/AdminVisaManagement.tsx(335,21): error TS17004: Cannot use JSX unless the '--jsx' flag is provided.
src/pages/admin/AdminVisaManagement.tsx(336,25): error TS17004: Cannot use JSX unless the '--jsx' flag is provided.
src/pages/admin/AdminVisaManagement.tsx(337,29): error TS17004: Cannot use JSX unless the '--jsx' flag is provided.
src/pages/admin/AdminVisaManagement.tsx(338,33): error TS17004: Cannot use JSX unless the '--jsx' flag is provided.
src/pages/admin/AdminVisaManagement.tsx(342,25): error TS17004: Cannot use JSX unless the '--jsx' flag is provided.
src/pages/admin/AdminVisaManagement.tsx(347,21): error TS17004: Cannot use JSX unless the '--jsx' flag is provided.
src/pages/admin/AdminVisaManagement.tsx(348,25): error TS17004: Cannot use JSX unless the '--jsx' flag is provided.
src/pages/admin/AdminVisaManagement.tsx(349,29): error TS17004: Cannot use JSX unless the '--jsx' flag is provided.
src/pages/admin/AdminVisaManagement.tsx(350,29): error TS17004: Cannot use JSX unless the '--jsx' flag is provided.
src/pages/admin/AdminVisaManagement.tsx(354,33): error TS17004: Cannot use JSX unless the '--jsx' flag is provided.
src/pages/admin/AdminVisaManagement.tsx(355,37): error TS17004: Cannot use JSX unless the '--jsx' flag is provided.
src/pages/admin/AdminVisaManagement.tsx(357,33): error TS17004: Cannot use JSX unless the '--jsx' flag is provided.
src/pages/admin/AdminVisaManagement.tsx(358,37): error TS17004: Cannot use JSX unless the '--jsx' flag is provided.
src/pages/admin/AdminVisaManagement.tsx(359,37): error TS17004: Cannot use JSX unless the '--jsx' flag is provided.
src/pages/admin/AdminVisaManagement.tsx(360,37): error TS17004: Cannot use JSX unless the '--jsx' flag is provided.
src/pages/admin/AdminVisaManagement.tsx(365,25): error TS17004: Cannot use JSX unless the '--jsx' flag is provided.
src/pages/admin/AdminVisaManagement.tsx(366,29): error TS17004: Cannot use JSX unless the '--jsx' flag is provided.
src/pages/admin/AdminVisaManagement.tsx(367,29): error TS17004: Cannot use JSX unless the '--jsx' flag is provided.
src/pages/admin/AdminVisaManagement.tsx(368,33): error TS17004: Cannot use JSX unless the '--jsx' flag is provided.
src/pages/admin/AdminVisaManagement.tsx(369,33): error TS17004: Cannot use JSX unless the '--jsx' flag is provided.
src/pages/admin/AdminVisaManagement.tsx(379,25): error TS17004: Cannot use JSX unless the '--jsx' flag is provided.
src/pages/admin/AdminVisaManagement.tsx(380,29): error TS17004: Cannot use JSX unless the '--jsx' flag is provided.
src/pages/admin/AdminVisaManagement.tsx(381,29): error TS17004: Cannot use JSX unless the '--jsx' flag is provided.
src/pages/admin/AdminVisaManagement.tsx(391,29): error TS17004: Cannot use JSX unless the '--jsx' flag is provided.
src/pages/admin/AdminVisaManagement.tsx(392,33): error TS17004: Cannot use JSX unless the '--jsx' flag is provided.
src/pages/admin/AdminVisaManagement.tsx(393,37): error TS17004: Cannot use JSX unless the '--jsx' flag is provided.
src/pages/admin/AdminVisaManagement.tsx(396,33): error TS17004: Cannot use JSX unless the '--jsx' flag is provided.
src/pages/admin/AdminVisaManagement.tsx(402,42): error TS17004: Cannot use JSX unless the '--jsx' flag is provided.
src/pages/admin/AdminVisaManagement.tsx(408,21): error TS17004: Cannot use JSX unless the '--jsx' flag is provided.
src/pages/admin/AdminVisaManagement.tsx(409,25): error TS17004: Cannot use JSX unless the '--jsx' flag is provided.
src/pages/admin/AdminVisaManagement.tsx(410,25): error TS17004: Cannot use JSX unless the '--jsx' flag is provided.
src/pages/admin/AdminVisaManagement.tsx(416,33): error TS17004: Cannot use JSX unless the '--jsx' flag is provided.
src/pages/admin/AdminVisaManagement.tsx(418,33): error TS17004: Cannot use JSX unless the '--jsx' flag is provided.
src/pages/agent/AgentOverview.tsx(2,26): error TS2307: Cannot find module '@/integrations/supabase/client' or its corresponding type declarations.
src/pages/agent/AgentOverview.tsx(3,25): error TS2307: Cannot find module '@/contexts/AuthContext' or its corresponding type declarations.
src/pages/agent/AgentOverview.tsx(4,58): error TS2307: Cannot find module '@/components/ui/card' or its corresponding type declarations.
src/pages/agent/AgentOverview.tsx(5,23): error TS2307: Cannot find module '@/components/ui/badge' or its corresponding type declarations.
src/pages/agent/AgentOverview.tsx(6,24): error TS2307: Cannot find module '@/components/ui/button' or its corresponding type declarations.
src/pages/agent/AgentOverview.tsx(7,26): error TS2307: Cannot find module '@/components/ui/skeleton' or its corresponding type declarations.
src/pages/agent/AgentOverview.tsx(14,29): error TS2307: Cannot find module '@/data/packages' or its corresponding type declarations.
src/pages/agent/AgentOverview.tsx(201,7): error TS17004: Cannot use JSX unless the '--jsx' flag is provided.
src/pages/agent/AgentOverview.tsx(202,9): error TS17004: Cannot use JSX unless the '--jsx' flag is provided.
src/pages/agent/AgentOverview.tsx(203,9): error TS17004: Cannot use JSX unless the '--jsx' flag is provided.
src/pages/agent/AgentOverview.tsx(204,39): error TS17004: Cannot use JSX unless the '--jsx' flag is provided.
src/pages/agent/AgentOverview.tsx(212,7): error TS17004: Cannot use JSX unless the '--jsx' flag is provided.
src/pages/agent/AgentOverview.tsx(213,9): error TS17004: Cannot use JSX unless the '--jsx' flag is provided.
src/pages/agent/AgentOverview.tsx(214,11): error TS17004: Cannot use JSX unless the '--jsx' flag is provided.
src/pages/agent/AgentOverview.tsx(216,9): error TS17004: Cannot use JSX unless the '--jsx' flag is provided.
src/pages/agent/AgentOverview.tsx(217,11): error TS17004: Cannot use JSX unless the '--jsx' flag is provided.
src/pages/agent/AgentOverview.tsx(218,13): error TS17004: Cannot use JSX unless the '--jsx' flag is provided.
src/pages/agent/AgentOverview.tsx(219,15): error TS17004: Cannot use JSX unless the '--jsx' flag is provided.
src/pages/agent/AgentOverview.tsx(221,13): error TS17004: Cannot use JSX unless the '--jsx' flag is provided.
src/pages/agent/AgentOverview.tsx(222,15): error TS17004: Cannot use JSX unless the '--jsx' flag is provided.
src/pages/agent/AgentOverview.tsx(223,15): error TS17004: Cannot use JSX unless the '--jsx' flag is provided.
src/pages/agent/AgentOverview.tsx(234,5): error TS17004: Cannot use JSX unless the '--jsx' flag is provided.
src/pages/agent/AgentOverview.tsx(236,7): error TS17004: Cannot use JSX unless the '--jsx' flag is provided.
src/pages/agent/AgentOverview.tsx(237,9): error TS17004: Cannot use JSX unless the '--jsx' flag is provided.
src/pages/agent/AgentOverview.tsx(238,9): error TS17004: Cannot use JSX unless the '--jsx' flag is provided.
src/pages/agent/AgentOverview.tsx(239,11): error TS17004: Cannot use JSX unless the '--jsx' flag is provided.
src/pages/agent/AgentOverview.tsx(240,13): error TS17004: Cannot use JSX unless the '--jsx' flag is provided.
src/pages/agent/AgentOverview.tsx(241,13): error TS17004: Cannot use JSX unless the '--jsx' flag is provided.
src/pages/agent/AgentOverview.tsx(242,13): error TS17004: Cannot use JSX unless the '--jsx' flag is provided.
src/pages/agent/AgentOverview.tsx(243,13): error TS17004: Cannot use JSX unless the '--jsx' flag is provided.
src/pages/agent/AgentOverview.tsx(244,15): error TS17004: Cannot use JSX unless the '--jsx' flag is provided.
src/pages/agent/AgentOverview.tsx(245,17): error TS17004: Cannot use JSX unless the '--jsx' flag is provided.
src/pages/agent/AgentOverview.tsx(248,15): error TS17004: Cannot use JSX unless the '--jsx' flag is provided.
src/pages/agent/AgentOverview.tsx(254,15): error TS17004: Cannot use JSX unless the '--jsx' flag is provided.
src/pages/agent/AgentOverview.tsx(259,11): error TS17004: Cannot use JSX unless the '--jsx' flag is provided.
src/pages/agent/AgentOverview.tsx(260,13): error TS17004: Cannot use JSX unless the '--jsx' flag is provided.
src/pages/agent/AgentOverview.tsx(261,15): error TS17004: Cannot use JSX unless the '--jsx' flag is provided.
src/pages/agent/AgentOverview.tsx(269,7): error TS17004: Cannot use JSX unless the '--jsx' flag is provided.
src/pages/agent/AgentOverview.tsx(271,9): error TS17004: Cannot use JSX unless the '--jsx' flag is provided.
src/pages/agent/AgentOverview.tsx(272,9): error TS17004: Cannot use JSX unless the '--jsx' flag is provided.
src/pages/agent/AgentOverview.tsx(273,9): error TS17004: Cannot use JSX unless the '--jsx' flag is provided.
src/pages/agent/AgentOverview.tsx(275,9): error TS17004: Cannot use JSX unless the '--jsx' flag is provided.
src/pages/agent/AgentOverview.tsx(276,11): error TS17004: Cannot use JSX unless the '--jsx' flag is provided.
src/pages/agent/AgentOverview.tsx(277,13): error TS17004: Cannot use JSX unless the '--jsx' flag is provided.
src/pages/agent/AgentOverview.tsx(278,15): error TS17004: Cannot use JSX unless the '--jsx' flag is provided.
src/pages/agent/AgentOverview.tsx(279,15): error TS17004: Cannot use JSX unless the '--jsx' flag is provided.
src/pages/agent/AgentOverview.tsx(281,13): error TS17004: Cannot use JSX unless the '--jsx' flag is provided.
src/pages/agent/AgentOverview.tsx(282,15): error TS17004: Cannot use JSX unless the '--jsx' flag is provided.
src/pages/agent/AgentOverview.tsx(283,15): error TS17004: Cannot use JSX unless the '--jsx' flag is provided.
src/pages/agent/AgentOverview.tsx(286,15): error TS17004: Cannot use JSX unless the '--jsx' flag is provided.
src/pages/agent/AgentOverview.tsx(287,17): error TS17004: Cannot use JSX unless the '--jsx' flag is provided.
src/pages/agent/AgentOverview.tsx(293,11): error TS17004: Cannot use JSX unless the '--jsx' flag is provided.
src/pages/agent/AgentOverview.tsx(294,13): error TS17004: Cannot use JSX unless the '--jsx' flag is provided.
src/pages/agent/AgentOverview.tsx(295,15): error TS17004: Cannot use JSX unless the '--jsx' flag is provided.
src/pages/agent/AgentOverview.tsx(296,17): error TS17004: Cannot use JSX unless the '--jsx' flag is provided.
src/pages/agent/AgentOverview.tsx(300,13): error TS17004: Cannot use JSX unless the '--jsx' flag is provided.
src/pages/agent/AgentOverview.tsx(301,15): error TS17004: Cannot use JSX unless the '--jsx' flag is provided.
src/pages/agent/AgentOverview.tsx(302,17): error TS17004: Cannot use JSX unless the '--jsx' flag is provided.
src/pages/agent/AgentOverview.tsx(311,7): error TS17004: Cannot use JSX unless the '--jsx' flag is provided.
src/pages/agent/AgentOverview.tsx(313,11): error TS17004: Cannot use JSX unless the '--jsx' flag is provided.
src/pages/agent/AgentOverview.tsx(314,13): error TS17004: Cannot use JSX unless the '--jsx' flag is provided.
src/pages/agent/AgentOverview.tsx(315,15): error TS17004: Cannot use JSX unless the '--jsx' flag is provided.
src/pages/agent/AgentOverview.tsx(316,17): error TS17004: Cannot use JSX unless the '--jsx' flag is provided.
src/pages/agent/AgentOverview.tsx(318,15): error TS17004: Cannot use JSX unless the '--jsx' flag is provided.
src/pages/agent/AgentOverview.tsx(319,15): error TS17004: Cannot use JSX unless the '--jsx' flag is provided.
src/pages/agent/AgentOverview.tsx(320,15): error TS17004: Cannot use JSX unless the '--jsx' flag is provided.
src/pages/agent/AgentOverview.tsx(327,7): error TS17004: Cannot use JSX unless the '--jsx' flag is provided.
src/pages/agent/AgentOverview.tsx(328,9): error TS17004: Cannot use JSX unless the '--jsx' flag is provided.
src/pages/agent/AgentOverview.tsx(329,11): error TS17004: Cannot use JSX unless the '--jsx' flag is provided.
src/pages/agent/AgentOverview.tsx(332,9): error TS17004: Cannot use JSX unless the '--jsx' flag is provided.
src/pages/agent/AgentOverview.tsx(334,13): error TS17004: Cannot use JSX unless the '--jsx' flag is provided.
src/pages/agent/AgentOverview.tsx(335,15): error TS17004: Cannot use JSX unless the '--jsx' flag is provided.
src/pages/agent/AgentOverview.tsx(336,17): error TS17004: Cannot use JSX unless the '--jsx' flag is provided.
src/pages/agent/AgentOverview.tsx(337,19): error TS17004: Cannot use JSX unless the '--jsx' flag is provided.
src/pages/agent/AgentOverview.tsx(339,17): error TS17004: Cannot use JSX unless the '--jsx' flag is provided.
src/pages/agent/AgentOverview.tsx(346,7): error TS17004: Cannot use JSX unless the '--jsx' flag is provided.
src/pages/agent/AgentOverview.tsx(348,9): error TS17004: Cannot use JSX unless the '--jsx' flag is provided.
src/pages/agent/AgentOverview.tsx(349,11): error TS17004: Cannot use JSX unless the '--jsx' flag is provided.
src/pages/agent/AgentOverview.tsx(350,13): error TS17004: Cannot use JSX unless the '--jsx' flag is provided.
src/pages/agent/AgentOverview.tsx(352,15): error TS17004: Cannot use JSX unless the '--jsx' flag is provided.
src/pages/agent/AgentOverview.tsx(353,17): error TS17004: Cannot use JSX unless the '--jsx' flag is provided.
src/pages/agent/AgentOverview.tsx(354,28): error TS17004: Cannot use JSX unless the '--jsx' flag is provided.
src/pages/agent/AgentOverview.tsx(359,11): error TS17004: Cannot use JSX unless the '--jsx' flag is provided.
src/pages/agent/AgentOverview.tsx(361,15): error TS17004: Cannot use JSX unless the '--jsx' flag is provided.
src/pages/agent/AgentOverview.tsx(361,64): error TS17004: Cannot use JSX unless the '--jsx' flag is provided.
src/pages/agent/AgentOverview.tsx(363,15): error TS17004: Cannot use JSX unless the '--jsx' flag is provided.
src/pages/agent/AgentOverview.tsx(364,17): error TS17004: Cannot use JSX unless the '--jsx' flag is provided.
src/pages/agent/AgentOverview.tsx(365,19): error TS17004: Cannot use JSX unless the '--jsx' flag is provided.
src/pages/agent/AgentOverview.tsx(367,17): error TS17004: Cannot use JSX unless the '--jsx' flag is provided.
src/pages/agent/AgentOverview.tsx(368,17): error TS17004: Cannot use JSX unless the '--jsx' flag is provided.
src/pages/agent/AgentOverview.tsx(371,15): error TS17004: Cannot use JSX unless the '--jsx' flag is provided.
src/pages/agent/AgentOverview.tsx(376,21): error TS17004: Cannot use JSX unless the '--jsx' flag is provided.
src/pages/agent/AgentOverview.tsx(377,23): error TS17004: Cannot use JSX unless the '--jsx' flag is provided.
src/pages/agent/AgentOverview.tsx(378,25): error TS17004: Cannot use JSX unless the '--jsx' flag is provided.
src/pages/agent/AgentOverview.tsx(380,23): error TS17004: Cannot use JSX unless the '--jsx' flag is provided.
src/pages/agent/AgentOverview.tsx(381,25): error TS17004: Cannot use JSX unless the '--jsx' flag is provided.
src/pages/agent/AgentOverview.tsx(382,25): error TS17004: Cannot use JSX unless the '--jsx' flag is provided.
src/pages/agent/AgentOverview.tsx(384,23): error TS17004: Cannot use JSX unless the '--jsx' flag is provided.
src/pages/agent/AgentOverview.tsx(385,25): error TS17004: Cannot use JSX unless the '--jsx' flag is provided.
src/pages/agent/AgentOverview.tsx(387,27): error TS17004: Cannot use JSX unless the '--jsx' flag is provided.
src/pages/agent/AgentOverview.tsx(399,9): error TS17004: Cannot use JSX unless the '--jsx' flag is provided.
src/pages/agent/AgentOverview.tsx(400,11): error TS17004: Cannot use JSX unless the '--jsx' flag is provided.
src/pages/agent/AgentOverview.tsx(401,13): error TS17004: Cannot use JSX unless the '--jsx' flag is provided.
src/pages/agent/AgentOverview.tsx(402,15): error TS17004: Cannot use JSX unless the '--jsx' flag is provided.
src/pages/agent/AgentOverview.tsx(406,11): error TS17004: Cannot use JSX unless the '--jsx' flag is provided.
src/pages/agent/AgentOverview.tsx(408,15): error TS17004: Cannot use JSX unless the '--jsx' flag is provided.
src/pages/agent/AgentOverview.tsx(409,17): error TS17004: Cannot use JSX unless the '--jsx' flag is provided.
src/pages/agent/AgentOverview.tsx(412,15): error TS17004: Cannot use JSX unless the '--jsx' flag is provided.
src/pages/agent/AgentOverview.tsx(426,21): error TS17004: Cannot use JSX unless the '--jsx' flag is provided.
src/pages/agent/AgentOverview.tsx(427,23): error TS17004: Cannot use JSX unless the '--jsx' flag is provided.
src/pages/agent/AgentOverview.tsx(428,25): error TS17004: Cannot use JSX unless the '--jsx' flag is provided.
src/pages/agent/AgentOverview.tsx(429,25): error TS17004: Cannot use JSX unless the '--jsx' flag is provided.
src/pages/agent/AgentOverview.tsx(431,23): error TS17004: Cannot use JSX unless the '--jsx' flag is provided.
src/pages/agent/AgentOverview.tsx(438,19): error TS17004: Cannot use JSX unless the '--jsx' flag is provided.
src/pages/agent/AgentOverview.tsx(448,9): error TS17004: Cannot use JSX unless the '--jsx' flag is provided.
src/pages/agent/AgentOverview.tsx(449,11): error TS17004: Cannot use JSX unless the '--jsx' flag is provided.
src/pages/agent/AgentOverview.tsx(450,13): error TS17004: Cannot use JSX unless the '--jsx' flag is provided.
src/pages/agent/AgentOverview.tsx(451,15): error TS17004: Cannot use JSX unless the '--jsx' flag is provided.
src/pages/agent/AgentOverview.tsx(455,11): error TS17004: Cannot use JSX unless the '--jsx' flag is provided.
src/pages/agent/AgentOverview.tsx(456,13): error TS17004: Cannot use JSX unless the '--jsx' flag is provided.
src/pages/agent/AgentOverview.tsx(463,17): error TS17004: Cannot use JSX unless the '--jsx' flag is provided.
src/pages/agent/AgentOverview.tsx(464,19): error TS17004: Cannot use JSX unless the '--jsx' flag is provided.
src/pages/agent/AgentOverview.tsx(465,19): error TS17004: Cannot use JSX unless the '--jsx' flag is provided.
src/pages/agent/AgentOverview.tsx(470,13): error TS17004: Cannot use JSX unless the '--jsx' flag is provided.
src/pages/agent/AgentOverview.tsx(471,15): error TS17004: Cannot use JSX unless the '--jsx' flag is provided.
src/pages/agent/AgentOverview.tsx(472,15): error TS17004: Cannot use JSX unless the '--jsx' flag is provided.
src/pages/agent/AgentOverview.tsx(473,15): error TS17004: Cannot use JSX unless the '--jsx' flag is provided.
src/pages/agent/AgentOverview.tsx(474,29): error TS17004: Cannot use JSX unless the '--jsx' flag is provided.
